
### FDA1 x MGPSO  (seed=26993418, tau_t=10, n_t=10)
======== Starting All Experiments ========

--- Processing Problem: FDA1 ---

  -> Starting Experiment: MGPSO on FDA1
     Configuration: 30 runs, 1000 iterations/run.
     Results will be saved to: out/FDA1_MGPSO.out.csv
     Generating reference Pareto front... 
### FDA3 x MGPSO  (seed=26993426, tau_t=10, n_t=10)
======== Starting All Experiments ========

--- Processing Problem: FDA3 ---

  -> Starting Experiment: MGPSO on FDA3
     Configuration: 30 runs, 1000 iterations/run.
     Results will be saved to: out/FDA3_MGPSO.out.csv
     Generating reference Pareto front... 
### DTNK x MGPSO  (seed=26993591, tau_t=10, n_t=10)
======== Starting All Experiments ========

--- Processing Problem: DTNK ---

  -> Starting Experiment: MGPSO on DTNK
     Configuration: 30 runs, 1000 iterations/run.
     Results will be saved to: out/DTNK_MGPSO.out.csv
     Generating reference Pareto front... 
### DTNK x MGPSO_feasarch  (seed=27007504, tau_t=10, n_t=10)
======== Starting All Experiments ========

--- Processing Problem: DTNK ---

  -> Starting Experiment: MGPSO_feasarch on DTNK
     Configuration: 30 runs, 1000 iterations/run.
     Results will be saved to: out/DTNK_MGPSO_feasarch.out.csv
     Generating reference Pareto front... done (75 points). IGD/GD/Spread will be reported.
     --- Starting Run 1/30 ---
     Run 1 finished in 5.88s. Archive size: 31  IGD=0.0468
     --- Starting Run 2/30 ---
     Run 2 finished in 5.76s. Archive size: 7  IGD=0.0930
     --- Starting Run 3/30 ---
     Run 3 finished in 5.67s. Archive size: 26  IGD=0.0522
     --- Starting Run 4/30 ---
     Run 4 finished in 5.92s. Archive size: 6  IGD=0.0947
     --- Starting Run 5/30 ---
     Run 5 finished in 5.90s. Archive size: 30  IGD=0.0484
     --- Starting Run 6/30 ---
     Run 6 finished in 5.30s. Archive size: 13  IGD=0.0561
     --- Starting Run 7/30 ---
     Run 7 finished in 5.77s. Archive size: 27  IGD=0.0438
     --- Starting Run 8/30 ---
     Run 8 finished in 5.60s. Archive size: 15  IGD=0.0655
     --- Starting Run 9/30 ---
     Run 9 finished in 5.73s. Archive size: 21  IGD=0.0414
     --- Starting Run 10/30 ---
     Run 10 finished in 6.05s. Archive size: 13  IGD=0.1375
     --- Starting Run 11/30 ---
     Run 11 finished in 5.93s. Archive size: 20  IGD=0.0532
     --- Starting Run 12/30 ---
     Run 12 finished in 5.87s. Archive size: 11  IGD=0.0983
     --- Starting Run 13/30 ---
     Run 13 finished in 5.76s. Archive size: 19  IGD=0.0570
     --- Starting Run 14/30 ---
     Run 14 finished in 5.87s. Archive size: 11  IGD=0.0883
     --- Starting Run 15/30 ---
     Run 15 finished in 5.73s. Archive size: 26  IGD=0.0604
     --- Starting Run 16/30 ---
     Run 16 finished in 6.12s. Archive size: 11  IGD=0.0616
     --- Starting Run 17/30 ---
     Run 17 finished in 5.92s. Archive size: 23  IGD=0.0525
     --- Starting Run 18/30 ---
     Run 18 finished in 5.80s. Archive size: 9  IGD=0.0669
     --- Starting Run 19/30 ---
     Run 19 finished in 5.94s. Archive size: 23  IGD=0.0430
     --- Starting Run 20/30 ---
     Run 20 finished in 4.87s. Archive size: 11  IGD=0.1290
     --- Starting Run 21/30 ---
     Run 21 finished in 5.97s. Archive size: 23  IGD=0.0476
     --- Starting Run 22/30 ---
     Run 22 finished in 5.68s. Archive size: 8  IGD=0.0675
     --- Starting Run 23/30 ---
     Run 23 finished in 5.60s. Archive size: 23  IGD=0.0626
     --- Starting Run 24/30 ---
     Run 24 finished in 5.89s. Archive size: 9  IGD=0.0770
     --- Starting Run 25/30 ---
     Run 25 finished in 5.58s. Archive size: 22  IGD=0.0603
     --- Starting Run 26/30 ---
     Run 26 finished in 5.81s. Archive size: 8  IGD=0.0888
     --- Starting Run 27/30 ---
     Run 27 finished in 6.12s. Archive size: 31  IGD=0.0501
     --- Starting Run 28/30 ---
     Run 28 finished in 5.90s. Archive size: 12  IGD=0.0817
     --- Starting Run 29/30 ---
     Run 29 finished in 5.85s. Archive size: 26  IGD=0.0530
     --- Starting Run 30/30 ---
     Run 30 finished in 5.74s. Archive size: 9  IGD=0.0873
  -> Experiment for MGPSO_feasarch on DTNK finished in 173.57s.
     Summary saved to: out/DTNK_MGPSO_feasarch.summary.out.csv

======== All Experiments Finished ========
Total execution time: 173.60s

### DTNK x CCPSO_filter  (seed=27003943, tau_t=10, n_t=10)
======== Starting All Experiments ========

--- Processing Problem: DTNK ---

  -> Starting Experiment: CCPSO_filter on DTNK
     Configuration: 30 runs, 1000 iterations/run.
     Results will be saved to: out/DTNK_CCPSO_filter.out.csv
     Generating reference Pareto front... done (500 points). IGD/GD/Spread will be reported.
     --- Starting Run 1/30 ---
     Run 1 finished in 6.29s. Archive size: 19  IGD=0.3203
     --- Starting Run 2/30 ---
     Run 2 finished in 6.17s. Archive size: 13  IGD=0.6970
     --- Starting Run 3/30 ---
     Run 3 finished in 6.13s. Archive size: 16  IGD=0.1604
     --- Starting Run 4/30 ---
     Run 4 finished in 6.10s. Archive size: 14  IGD=0.2595
     --- Starting Run 5/30 ---
     Run 5 finished in 6.24s. Archive size: 18  IGD=0.2605
     --- Starting Run 6/30 ---
     Run 6 finished in 6.19s. Archive size: 12  IGD=0.4937
     --- Starting Run 7/30 ---
     Run 7 finished in 6.35s. Archive size: 12  IGD=0.2579
     --- Starting Run 8/30 ---
     Run 8 finished in 6.35s. Archive size: 12  IGD=0.7229
     --- Starting Run 9/30 ---
     Run 9 finished in 6.41s. Archive size: 18  IGD=0.2848
     --- Starting Run 10/30 ---
     Run 10 finished in 6.31s. Archive size: 16  IGD=0.2791
     --- Starting Run 11/30 ---
     Run 11 finished in 6.34s. Archive size: 13  IGD=0.2496
     --- Starting Run 12/30 ---
     Run 12 finished in 6.41s. Archive size: 18  IGD=0.2992
     --- Starting Run 13/30 ---
     Run 13 finished in 6.43s. Archive size: 13  IGD=0.2622
     --- Starting Run 14/30 ---
     Run 14 finished in 6.39s. Archive size: 14  IGD=0.2268
     --- Starting Run 15/30 ---
     Run 15 finished in 6.46s. Archive size: 16  IGD=0.2649
     --- Starting Run 16/30 ---
     Run 16 finished in 6.34s. Archive size: 17  IGD=0.3430
     --- Starting Run 17/30 ---
     Run 17 finished in 6.37s. Archive size: 19  IGD=0.2157
     --- Starting Run 18/30 ---
     Run 18 finished in 6.61s. Archive size: 18  IGD=0.2535
     --- Starting Run 19/30 ---
     Run 19 finished in 6.43s. Archive size: 24  IGD=0.3317
     --- Starting Run 20/30 ---
     Run 20 finished in 6.49s. Archive size: 13  IGD=0.2749
     --- Starting Run 21/30 ---
     Run 21 finished in 6.35s. Archive size: 14  IGD=0.2280
     --- Starting Run 22/30 ---
     Run 22 finished in 6.42s. Archive size: 17  IGD=0.2818
     --- Starting Run 23/30 ---
     Run 23 finished in 6.47s. Archive size: 20  IGD=0.2449
     --- Starting Run 24/30 ---
     Run 24 finished in 6.46s. Archive size: 10  IGD=0.4972
     --- Starting Run 25/30 ---
     Run 25 finished in 6.38s. Archive size: 15  IGD=0.2786
     --- Starting Run 26/30 ---
     Run 26 finished in 6.60s. Archive size: 15  IGD=0.7411
     --- Starting Run 27/30 ---
     Run 27 finished in 6.45s. Archive size: 17  IGD=0.2896
     --- Starting Run 28/30 ---
     Run 28 finished in 6.50s. Archive size: 10  IGD=0.2658
     --- Starting Run 29/30 ---
     Run 29 finished in 6.43s. Archive size: 15  IGD=0.2202
     --- Starting Run 30/30 ---
     Run 30 finished in 6.47s. Archive size: 20  IGD=0.2541
  -> Experiment for MGPSO on FDA1 finished in 191.39s.
     Summary saved to: out/FDA1_MGPSO.summary.out.csv

======== All Experiments Finished ========
Total execution time: 191.39s

### DTNK x CCPSO_strict  (seed=27004163, tau_t=10, n_t=10)
======== Starting All Experiments ========

--- Processing Problem: DTNK ---

  -> Starting Experiment: CCPSO_strict on DTNK
     Configuration: 30 runs, 1000 iterations/run.
     Results will be saved to: out/DTNK_CCPSO_strict.out.csv
     Generating reference Pareto front... done (500 points). IGD/GD/Spread will be reported.
     --- Starting Run 1/30 ---
     Run 1 finished in 6.46s. Archive size: 18  IGD=0.2653
     --- Starting Run 2/30 ---
     Run 2 finished in 6.29s. Archive size: 19  IGD=0.3066
     --- Starting Run 3/30 ---
     Run 3 finished in 6.45s. Archive size: 24  IGD=0.3116
     --- Starting Run 4/30 ---
     Run 4 finished in 6.12s. Archive size: 14  IGD=0.1722
     --- Starting Run 5/30 ---
     Run 5 finished in 6.22s. Archive size: 18  IGD=0.2140
     --- Starting Run 6/30 ---
     Run 6 finished in 6.40s. Archive size: 17  IGD=0.2467
     --- Starting Run 7/30 ---
     Run 7 finished in 6.20s. Archive size: 18  IGD=0.1758
     --- Starting Run 8/30 ---
     Run 8 finished in 6.32s. Archive size: 13  IGD=0.1888
     --- Starting Run 9/30 ---
     Run 9 finished in 6.25s. Archive size: 12  IGD=0.1449
     --- Starting Run 10/30 ---
     Run 10 finished in 6.52s. Archive size: 13  IGD=0.2615
     --- Starting Run 11/30 ---
     Run 11 finished in 6.63s. Archive size: 18  IGD=0.2709
     --- Starting Run 12/30 ---
     Run 12 finished in 6.35s. Archive size: 15  IGD=0.2093
     --- Starting Run 13/30 ---
     Run 13 finished in 6.26s. Archive size: 12  IGD=0.2128
     --- Starting Run 14/30 ---
     Run 14 finished in 6.66s. Archive size: 18  IGD=0.2827
     --- Starting Run 15/30 ---
     Run 15 finished in 6.43s. Archive size: 21  IGD=0.2638
     --- Starting Run 16/30 ---
     Run 16 finished in 6.39s. Archive size: 18  IGD=0.1643
     --- Starting Run 17/30 ---
     Run 17 finished in 6.30s. Archive size: 14  IGD=0.1996
     --- Starting Run 18/30 ---
     Run 18 finished in 6.42s. Archive size: 15  IGD=0.2308
     --- Starting Run 19/30 ---
     Run 19 finished in 6.30s. Archive size: 18  IGD=0.1513
     --- Starting Run 20/30 ---
     Run 20 finished in 6.42s. Archive size: 14  IGD=0.2337
     --- Starting Run 21/30 ---
     Run 21 finished in 6.32s. Archive size: 14  IGD=0.2089
     --- Starting Run 22/30 ---
     Run 22 finished in 6.79s. Archive size: 20  IGD=0.2530
     --- Starting Run 23/30 ---
     Run 23 finished in 6.68s. Archive size: 20  IGD=0.2858
     --- Starting Run 24/30 ---
     Run 24 finished in 6.48s. Archive size: 16  IGD=0.1805
     --- Starting Run 25/30 ---
     Run 25 finished in 6.67s. Archive size: 22  IGD=0.2889
     --- Starting Run 26/30 ---
     Run 26 finished in 6.42s. Archive size: 8  IGD=0.1970
     --- Starting Run 27/30 ---
     Run 27 finished in 6.63s. Archive size: 20  IGD=0.2744
     --- Starting Run 28/30 ---
     Run 28 finished in 6.43s. Archive size: 17  IGD=0.2054
     --- Starting Run 29/30 ---
     Run 29 finished in 6.40s. Archive size: 18  IGD=0.1777
     --- Starting Run 30/30 ---
     Run 30 finished in 6.39s. Archive size: 16  IGD=0.1864
  -> Experiment for MGPSO on FDA3 finished in 192.65s.
     Summary saved to: out/FDA3_MGPSO.summary.out.csv

======== All Experiments Finished ========
Total execution time: 192.65s

### DTNK2 x MGPSO  (seed=26994289, tau_t=10, n_t=10)
======== Starting All Experiments ========

--- Processing Problem: DTNK2 ---

  -> Starting Experiment: MGPSO on DTNK2
     Configuration: 30 runs, 1000 iterations/run.
     Results will be saved to: out/DTNK2_MGPSO.out.csv
     Generating reference Pareto front... done (75 points). IGD/GD/Spread will be reported.
     --- Starting Run 1/30 ---
     Run 1 finished in 7.62s. Archive size: 30  IGD=0.0359
     --- Starting Run 2/30 ---
     Run 2 finished in 7.62s. Archive size: 9  IGD=0.1269
     --- Starting Run 3/30 ---
     Run 3 finished in 7.64s. Archive size: 23  IGD=0.0384
     --- Starting Run 4/30 ---
     Run 4 finished in 7.53s. Archive size: 10  IGD=0.0544
     --- Starting Run 5/30 ---
     Run 5 finished in 7.67s. Archive size: 31  IGD=0.0310
     --- Starting Run 6/30 ---
     Run 6 finished in 7.54s. Archive size: 14  IGD=0.0438
     --- Starting Run 7/30 ---
     Run 7 finished in 7.71s. Archive size: 26  IGD=0.0400
     --- Starting Run 8/30 ---
     Run 8 finished in 7.55s. Archive size: 10  IGD=0.0725
     --- Starting Run 9/30 ---
     Run 9 finished in 7.61s. Archive size: 27  IGD=0.0545
     --- Starting Run 10/30 ---
     Run 10 finished in 7.50s. Archive size: 11  IGD=0.0708
     --- Starting Run 11/30 ---
     Run 11 finished in 7.67s. Archive size: 34  IGD=0.0338
     --- Starting Run 12/30 ---
     Run 12 finished in 7.45s. Archive size: 12  IGD=0.0593
     --- Starting Run 13/30 ---
     Run 13 finished in 7.52s. Archive size: 32  IGD=0.0365
     --- Starting Run 14/30 ---
     Run 14 finished in 7.52s. Archive size: 7  IGD=0.0945
     --- Starting Run 15/30 ---
     Run 15 finished in 7.71s. Archive size: 25  IGD=0.0306
     --- Starting Run 16/30 ---
     Run 16 finished in 7.50s. Archive size: 14  IGD=0.0636
     --- Starting Run 17/30 ---
     Run 17 finished in 7.48s. Archive size: 32  IGD=0.0423
     --- Starting Run 18/30 ---
     Run 18 finished in 7.50s. Archive size: 10  IGD=0.0754
     --- Starting Run 19/30 ---
     Run 19 finished in 7.65s. Archive size: 32  IGD=0.0374
     --- Starting Run 20/30 ---
     Run 20 finished in 7.52s. Archive size: 10  IGD=0.0896
     --- Starting Run 21/30 ---
     Run 21 finished in 7.66s. Archive size: 28  IGD=0.0326
     --- Starting Run 22/30 ---
     Run 22 finished in 7.50s. Archive size: 9  IGD=0.0504
     --- Starting Run 23/30 ---
     Run 23 finished in 7.66s. Archive size: 32  IGD=0.0368
     --- Starting Run 24/30 ---
     Run 24 finished in 7.54s. Archive size: 14  IGD=0.0744
     --- Starting Run 25/30 ---
     Run 25 finished in 7.62s. Archive size: 31  IGD=0.0393
     --- Starting Run 26/30 ---
     Run 26 finished in 7.73s. Archive size: 12  IGD=0.0612
     --- Starting Run 27/30 ---
     Run 27 finished in 7.54s. Archive size: 28  IGD=0.0395
     --- Starting Run 28/30 ---
     Run 28 finished in 7.56s. Archive size: 11  IGD=0.1561
     --- Starting Run 29/30 ---
     Run 29 finished in 7.67s. Archive size: 30  IGD=0.0405
     --- Starting Run 30/30 ---
     Run 30 finished in 7.44s. Archive size: 9  IGD=0.0893
  -> Experiment for CCPSO_strict on DTNK finished in 227.48s.
     Summary saved to: out/DTNK_CCPSO_strict.summary.out.csv

======== All Experiments Finished ========
Total execution time: 227.51s

### DTNK2 x MGPSO_feasarch  (seed=27009126, tau_t=10, n_t=10)
======== Starting All Experiments ========

--- Processing Problem: DTNK2 ---

  -> Starting Experiment: MGPSO_feasarch on DTNK2
     Configuration: 30 runs, 1000 iterations/run.
     Results will be saved to: out/DTNK2_MGPSO_feasarch.out.csv
     Generating reference Pareto front... done (75 points). IGD/GD/Spread will be reported.
     --- Starting Run 1/30 ---
     Run 1 finished in 8.55s. Archive size: 30  IGD=0.0668
     --- Starting Run 2/30 ---
     Run 2 finished in 8.50s. Archive size: 10  IGD=0.0808
     --- Starting Run 3/30 ---
     Run 3 finished in 8.44s. Archive size: 23  IGD=0.0351
     --- Starting Run 4/30 ---
     Run 4 finished in 8.51s. Archive size: 9  IGD=0.0795
     --- Starting Run 5/30 ---
     Run 5 finished in 8.63s. Archive size: 25  IGD=0.0329
     --- Starting Run 6/30 ---
     Run 6 finished in 8.51s. Archive size: 8  IGD=0.0705
     --- Starting Run 7/30 ---
     Run 7 finished in 8.48s. Archive size: 25  IGD=0.0361
     --- Starting Run 8/30 ---
     Run 8 finished in 8.34s. Archive size: 13  IGD=0.0559
     --- Starting Run 9/30 ---
     Run 9 finished in 8.58s. Archive size: 29  IGD=0.0380
     --- Starting Run 10/30 ---
     Run 10 finished in 8.52s. Archive size: 13  IGD=0.0390
     --- Starting Run 11/30 ---
     Run 11 finished in 8.53s. Archive size: 25  IGD=0.0302
     --- Starting Run 12/30 ---
     Run 12 finished in 8.53s. Archive size: 12  IGD=0.1151
     --- Starting Run 13/30 ---
     Run 13 finished in 8.53s. Archive size: 30  IGD=0.0313
     --- Starting Run 14/30 ---
     Run 14 finished in 8.60s. Archive size: 15  IGD=0.0628
     --- Starting Run 15/30 ---
     Run 15 finished in 8.66s. Archive size: 26  IGD=0.0462
     --- Starting Run 16/30 ---
     Run 16 finished in 8.38s. Archive size: 13  IGD=0.0491
     --- Starting Run 17/30 ---
     Run 17 finished in 8.68s. Archive size: 29  IGD=0.0343
     --- Starting Run 18/30 ---
     Run 18 finished in 8.44s. Archive size: 9  IGD=0.0917
     --- Starting Run 19/30 ---
     Run 19 finished in 8.58s. Archive size: 31  IGD=0.0383
     --- Starting Run 20/30 ---
     Run 20 finished in 8.57s. Archive size: 10  IGD=0.0592
     --- Starting Run 21/30 ---
     Run 21 finished in 8.57s. Archive size: 31  IGD=0.0502
     --- Starting Run 22/30 ---
     Run 22 finished in 8.50s. Archive size: 6  IGD=0.1074
     --- Starting Run 23/30 ---
     Run 23 finished in 8.58s. Archive size: 29  IGD=0.0420
     --- Starting Run 24/30 ---
     Run 24 finished in 8.60s. Archive size: 12  IGD=0.0609
     --- Starting Run 25/30 ---
     Run 25 finished in 8.75s. Archive size: 21  IGD=0.0353
     --- Starting Run 26/30 ---
     Run 26 finished in 8.62s. Archive size: 16  IGD=0.0581
     --- Starting Run 27/30 ---
     Run 27 finished in 8.64s. Archive size: 27  IGD=0.0354
     --- Starting Run 28/30 ---
     Run 28 finished in 8.41s. Archive size: 14  IGD=0.0588
     --- Starting Run 29/30 ---
     Run 29 finished in 8.63s. Archive size: 33  IGD=0.0419
     --- Starting Run 30/30 ---
     Run 30 finished in 8.64s. Archive size: 11  IGD=0.0731
  -> Experiment for CCPSO_filter on DTNK finished in 256.56s.
     Summary saved to: out/DTNK_CCPSO_filter.summary.out.csv

======== All Experiments Finished ========
Total execution time: 256.59s

### DTNK2 x CCPSO_filter  (seed=27005368, tau_t=10, n_t=10)
======== Starting All Experiments ========

--- Processing Problem: DTNK2 ---

  -> Starting Experiment: CCPSO_filter on DTNK2
     Configuration: 30 runs, 1000 iterations/run.
     Results will be saved to: out/DTNK2_CCPSO_filter.out.csv
     Generating reference Pareto front... done (75 points). IGD/GD/Spread will be reported.
     --- Starting Run 1/30 ---
     Run 1 finished in 15.71s. Archive size: 100  IGD=0.9931
     --- Starting Run 2/30 ---
     Run 2 finished in 15.28s. Archive size: 100  IGD=0.9931
     --- Starting Run 3/30 ---
     Run 3 finished in 15.88s. Archive size: 100  IGD=0.9931
     --- Starting Run 4/30 ---
     Run 4 finished in 15.29s. Archive size: 100  IGD=0.9931
     --- Starting Run 5/30 ---
     Run 5 finished in 16.22s. Archive size: 100  IGD=0.9931
     --- Starting Run 6/30 ---
     Run 6 finished in 15.80s. Archive size: 100  IGD=0.9931
     --- Starting Run 7/30 ---
     Run 7 finished in 15.97s. Archive size: 100  IGD=0.9931
     --- Starting Run 8/30 ---
     Run 8 finished in 16.37s. Archive size: 100  IGD=0.9931
     --- Starting Run 9/30 ---
     Run 9 finished in 15.66s. Archive size: 100  IGD=0.9931
     --- Starting Run 10/30 ---
     Run 10 finished in 15.76s. Archive size: 100  IGD=0.9931
     --- Starting Run 11/30 ---
     Run 11 finished in 16.04s. Archive size: 100  IGD=0.9931
     --- Starting Run 12/30 ---
     Run 12 finished in 15.68s. Archive size: 100  IGD=0.9931
     --- Starting Run 13/30 ---
     Run 13 finished in 16.32s. Archive size: 100  IGD=0.9931
     --- Starting Run 14/30 ---
     Run 14 finished in 16.01s. Archive size: 100  IGD=0.9931
     --- Starting Run 15/30 ---
     Run 15 finished in 15.86s. Archive size: 100  IGD=0.9931
     --- Starting Run 16/30 ---
     Run 16 finished in 15.75s. Archive size: 100  IGD=0.9931
     --- Starting Run 17/30 ---
     Run 17 finished in 16.23s. Archive size: 100  IGD=0.9931
     --- Starting Run 18/30 ---
     Run 18 finished in 16.40s. Archive size: 100  IGD=0.9931
     --- Starting Run 19/30 ---
     Run 19 finished in 15.69s. Archive size: 100  IGD=0.9931
     --- Starting Run 20/30 ---
     Run 20 finished in 16.14s. Archive size: 100  IGD=0.9931
     --- Starting Run 21/30 ---
     Run 21 finished in 15.75s. Archive size: 100  IGD=0.9931
     --- Starting Run 22/30 ---
     Run 22 finished in 16.27s. Archive size: 100  IGD=0.9931
     --- Starting Run 23/30 ---
     Run 23 finished in 16.01s. Archive size: 100  IGD=0.9931
     --- Starting Run 24/30 ---
     Run 24 finished in 16.27s. Archive size: 100  IGD=0.9931
     --- Starting Run 25/30 ---
     Run 25 finished in 16.12s. Archive size: 100  IGD=0.9931
     --- Starting Run 26/30 ---
     Run 26 finished in 16.12s. Archive size: 100  IGD=0.9931
     --- Starting Run 27/30 ---
     Run 27 finished in 19.57s. Archive size: 100  IGD=0.9931
     --- Starting Run 28/30 ---
     Run 28 finished in 16.60s. Archive size: 100  IGD=0.9931
     --- Starting Run 29/30 ---
     Run 29 finished in 16.32s. Archive size: 100  IGD=0.9931
     --- Starting Run 30/30 ---
     Run 30 finished in 15.96s. Archive size: 100  IGD=0.9931
  -> Experiment for MGPSO on DTNK finished in 483.24s.
     Summary saved to: out/DTNK_MGPSO.summary.out.csv

======== All Experiments Finished ========
Total execution time: 483.26s

### DTNK2 x CCPSO_strict  (seed=27005607, tau_t=10, n_t=10)
======== Starting All Experiments ========

--- Processing Problem: DTNK2 ---

  -> Starting Experiment: CCPSO_strict on DTNK2
     Configuration: 30 runs, 1000 iterations/run.
     Results will be saved to: out/DTNK2_CCPSO_strict.out.csv
     Generating reference Pareto front... done (75 points). IGD/GD/Spread will be reported.
     --- Starting Run 1/30 ---
     Run 1 finished in 5.84s. Archive size: 35  IGD=0.0569
     --- Starting Run 2/30 ---
     Run 2 finished in 6.04s. Archive size: 10  IGD=0.0474
     --- Starting Run 3/30 ---
     Run 3 finished in 5.87s. Archive size: 17  IGD=0.0527
     --- Starting Run 4/30 ---
     Run 4 finished in 6.02s. Archive size: 10  IGD=0.0872
     --- Starting Run 5/30 ---
     Run 5 finished in 5.93s. Archive size: 24  IGD=0.0422
     --- Starting Run 6/30 ---
     Run 6 finished in 5.72s. Archive size: 7  IGD=0.1093
     --- Starting Run 7/30 ---
     Run 7 finished in 5.82s. Archive size: 24  IGD=0.0399
     --- Starting Run 8/30 ---
     Run 8 finished in 5.98s. Archive size: 12  IGD=0.0443
     --- Starting Run 9/30 ---
     Run 9 finished in 5.68s. Archive size: 26  IGD=0.0529
     --- Starting Run 10/30 ---
     Run 10 finished in 5.42s. Archive size: 4  IGD=0.2080
     --- Starting Run 11/30 ---
     Run 11 finished in 5.74s. Archive size: 25  IGD=0.0472
     --- Starting Run 12/30 ---
     Run 12 finished in 5.89s. Archive size: 13  IGD=0.0467
     --- Starting Run 13/30 ---
     Run 13 finished in 5.48s. Archive size: 23  IGD=0.0484
     --- Starting Run 14/30 ---
     Run 14 finished in 6.19s. Archive size: 9  IGD=0.0817
     --- Starting Run 15/30 ---
     Run 15 finished in 5.74s. Archive size: 18  IGD=0.0511
     --- Starting Run 16/30 ---
     Run 16 finished in 5.91s. Archive size: 16  IGD=0.1165
     --- Starting Run 17/30 ---
     Run 17 finished in 5.86s. Archive size: 22  IGD=0.0534
     --- Starting Run 18/30 ---
     Run 18 finished in 5.95s. Archive size: 9  IGD=0.1669
     --- Starting Run 19/30 ---
     Run 19 finished in 6.12s. Archive size: 23  IGD=0.0467
     --- Starting Run 20/30 ---
     Run 20 finished in 5.96s. Archive size: 16  IGD=0.0562
     --- Starting Run 21/30 ---
     Run 21 finished in 5.84s. Archive size: 25  IGD=0.0519
     --- Starting Run 22/30 ---
     Run 22 finished in 5.98s. Archive size: 12  IGD=0.0432
     --- Starting Run 23/30 ---
     Run 23 finished in 5.71s. Archive size: 25  IGD=0.0508
     --- Starting Run 24/30 ---
     Run 24 finished in 5.94s. Archive size: 13  IGD=0.0650
     --- Starting Run 25/30 ---
     Run 25 finished in 5.98s. Archive size: 27  IGD=0.0450
     --- Starting Run 26/30 ---
     Run 26 finished in 5.80s. Archive size: 12  IGD=0.0694
     --- Starting Run 27/30 ---
     Run 27 finished in 5.98s. Archive size: 21  IGD=0.0548
     --- Starting Run 28/30 ---
     Run 28 finished in 6.07s. Archive size: 11  IGD=0.0616
     --- Starting Run 29/30 ---
     Run 29 finished in 5.83s. Archive size: 20  IGD=0.0548
     --- Starting Run 30/30 ---
     Run 30 finished in 5.98s. Archive size: 5  IGD=0.1320
  -> Experiment for MGPSO_feasarch on DTNK2 finished in 176.31s.
     Summary saved to: out/DTNK2_MGPSO_feasarch.summary.out.csv

======== All Experiments Finished ========
Total execution time: 176.34s
done (75 points). IGD/GD/Spread will be reported.
     --- Starting Run 1/30 ---
     Run 1 finished in 8.98s. Archive size: 27  IGD=0.0358
     --- Starting Run 2/30 ---
     Run 2 finished in 8.87s. Archive size: 8  IGD=0.0595
     --- Starting Run 3/30 ---
     Run 3 finished in 8.95s. Archive size: 33  IGD=0.0340
     --- Starting Run 4/30 ---
     Run 4 finished in 8.54s. Archive size: 11  IGD=0.0751
     --- Starting Run 5/30 ---
     Run 5 finished in 8.96s. Archive size: 31  IGD=0.0356
     --- Starting Run 6/30 ---
     Run 6 finished in 8.71s. Archive size: 13  IGD=0.0683
     --- Starting Run 7/30 ---
     Run 7 finished in 8.87s. Archive size: 25  IGD=0.0336
     --- Starting Run 8/30 ---
     Run 8 finished in 8.78s. Archive size: 10  IGD=0.0783
     --- Starting Run 9/30 ---
     Run 9 finished in 8.86s. Archive size: 31  IGD=0.0360
     --- Starting Run 10/30 ---
     Run 10 finished in 8.76s. Archive size: 19  IGD=0.0490
     --- Starting Run 11/30 ---
     Run 11 finished in 8.86s. Archive size: 31  IGD=0.0359
     --- Starting Run 12/30 ---
     Run 12 finished in 8.79s. Archive size: 7  IGD=0.1478
     --- Starting Run 13/30 ---
     Run 13 finished in 8.98s. Archive size: 33  IGD=0.0449
     --- Starting Run 14/30 ---
     Run 14 finished in 8.70s. Archive size: 11  IGD=0.0539
     --- Starting Run 15/30 ---
     Run 15 finished in 8.94s. Archive size: 39  IGD=0.0530
     --- Starting Run 16/30 ---
     Run 16 finished in 8.79s. Archive size: 10  IGD=0.0652
     --- Starting Run 17/30 ---
     Run 17 finished in 8.88s. Archive size: 34  IGD=0.0374
     --- Starting Run 18/30 ---
     Run 18 finished in 8.71s. Archive size: 11  IGD=0.0614
     --- Starting Run 19/30 ---
     Run 19 finished in 8.91s. Archive size: 38  IGD=0.0351
     --- Starting Run 20/30 ---
     Run 20 finished in 8.33s. Archive size: 12  IGD=0.0817
     --- Starting Run 21/30 ---
     Run 21 finished in 8.38s. Archive size: 28  IGD=0.0375
     --- Starting Run 22/30 ---
     Run 22 finished in 8.38s. Archive size: 20  IGD=0.0723
     --- Starting Run 23/30 ---
     Run 23 finished in 8.51s. Archive size: 32  IGD=0.0299
     --- Starting Run 24/30 ---
     Run 24 finished in 8.45s. Archive size: 12  IGD=0.0588
     --- Starting Run 25/30 ---
     Run 25 finished in 8.53s. Archive size: 41  IGD=0.0347
     --- Starting Run 26/30 ---
     Run 26 finished in 8.28s. Archive size: 9  IGD=0.0839
     --- Starting Run 27/30 ---
     Run 27 finished in 8.48s. Archive size: 30  IGD=0.0376
     --- Starting Run 28/30 ---
     Run 28 finished in 8.44s. Archive size: 18  IGD=0.0617
     --- Starting Run 29/30 ---
     Run 29 finished in 8.51s. Archive size: 29  IGD=0.0349
     --- Starting Run 30/30 ---
     Run 30 finished in 8.30s. Archive size: 14  IGD=0.0627
  -> Experiment for CCPSO_filter on DTNK2 finished in 260.50s.
     Summary saved to: out/DTNK2_CCPSO_filter.summary.out.csv

======== All Experiments Finished ========
Total execution time: 260.53s
done (75 points). IGD/GD/Spread will be reported.
     --- Starting Run 1/30 ---
     Run 1 finished in 16.10s. Archive size: 100  IGD=0.9931
     --- Starting Run 2/30 ---
     Run 2 finished in 17.14s. Archive size: 100  IGD=0.9931
     --- Starting Run 3/30 ---
     Run 3 finished in 19.02s. Archive size: 100  IGD=0.9931
     --- Starting Run 4/30 ---
     Run 4 finished in 16.05s. Archive size: 100  IGD=0.9931
     --- Starting Run 5/30 ---
     Run 5 finished in 16.27s. Archive size: 100  IGD=0.9931
     --- Starting Run 6/30 ---
     Run 6 finished in 18.83s. Archive size: 100  IGD=0.9931
     --- Starting Run 7/30 ---
     Run 7 finished in 20.78s. Archive size: 100  IGD=0.9931
     --- Starting Run 8/30 ---
     Run 8 finished in 19.01s. Archive size: 100  IGD=0.9931
     --- Starting Run 9/30 ---
     Run 9 finished in 17.06s. Archive size: 100  IGD=0.9931
     --- Starting Run 10/30 ---
     Run 10 finished in 15.94s. Archive size: 100  IGD=0.9931
     --- Starting Run 11/30 ---
     Run 11 finished in 14.75s. Archive size: 100  IGD=0.9931
     --- Starting Run 12/30 ---
     Run 12 finished in 16.04s. Archive size: 100  IGD=0.9931
     --- Starting Run 13/30 ---
     Run 13 finished in 14.82s. Archive size: 100  IGD=0.9931
     --- Starting Run 14/30 ---
     Run 14 finished in 18.87s. Archive size: 100  IGD=0.9931
     --- Starting Run 15/30 ---
     Run 15 finished in 18.32s. Archive size: 100  IGD=0.9931
     --- Starting Run 16/30 ---
     Run 16 finished in 15.99s. Archive size: 100  IGD=0.9931
     --- Starting Run 17/30 ---
     Run 17 finished in 14.91s. Archive size: 100  IGD=0.9931
     --- Starting Run 18/30 ---
     Run 18 finished in 18.60s. Archive size: 100  IGD=0.9931
     --- Starting Run 19/30 ---
     Run 19 finished in 16.14s. Archive size: 100  IGD=0.9931
     --- Starting Run 20/30 ---
     Run 20 finished in 15.89s. Archive size: 100  IGD=0.9931
     --- Starting Run 21/30 ---
     Run 21 finished in 16.35s. Archive size: 100  IGD=0.9931
     --- Starting Run 22/30 ---
     Run 22 finished in 19.51s. Archive size: 100  IGD=0.9931
     --- Starting Run 23/30 ---
     Run 23 finished in 16.13s. Archive size: 100  IGD=0.9931
     --- Starting Run 24/30 ---
     Run 24 finished in 18.35s. Archive size: 100  IGD=0.9931
     --- Starting Run 25/30 ---
     Run 25 finished in 15.29s. Archive size: 100  IGD=0.9931
     --- Starting Run 26/30 ---
     Run 26 finished in 16.12s. Archive size: 100  IGD=0.9931
     --- Starting Run 27/30 ---
     Run 27 finished in 15.27s. Archive size: 100  IGD=0.9931
     --- Starting Run 28/30 ---
     Run 28 finished in 14.12s. Archive size: 100  IGD=0.9931
     --- Starting Run 29/30 ---
     Run 29 finished in 16.60s. Archive size: 100  IGD=0.9931
     --- Starting Run 30/30 ---
     Run 30 finished in 18.15s. Archive size: 100  IGD=0.9931
  -> Experiment for MGPSO on DTNK2 finished in 506.58s.
     Summary saved to: out/DTNK2_MGPSO.summary.out.csv

======== All Experiments Finished ========
Total execution time: 506.61s
done (75 points). IGD/GD/Spread will be reported.
     --- Starting Run 1/30 ---
     Run 1 finished in 7.79s. Archive size: 32  IGD=0.0320
     --- Starting Run 2/30 ---
     Run 2 finished in 7.81s. Archive size: 11  IGD=0.0460
     --- Starting Run 3/30 ---
     Run 3 finished in 8.06s. Archive size: 31  IGD=0.0410
     --- Starting Run 4/30 ---
     Run 4 finished in 7.79s. Archive size: 10  IGD=0.0579
     --- Starting Run 5/30 ---
     Run 5 finished in 7.98s. Archive size: 30  IGD=0.0323
     --- Starting Run 6/30 ---
     Run 6 finished in 7.72s. Archive size: 15  IGD=0.0419
     --- Starting Run 7/30 ---
     Run 7 finished in 7.85s. Archive size: 39  IGD=0.0409
     --- Starting Run 8/30 ---
     Run 8 finished in 7.67s. Archive size: 14  IGD=0.0586
     --- Starting Run 9/30 ---
     Run 9 finished in 7.84s. Archive size: 29  IGD=0.0324
     --- Starting Run 10/30 ---
     Run 10 finished in 7.83s. Archive size: 12  IGD=0.0753
     --- Starting Run 11/30 ---
     Run 11 finished in 8.06s. Archive size: 34  IGD=0.0453
     --- Starting Run 12/30 ---
     Run 12 finished in 7.91s. Archive size: 11  IGD=0.0531
     --- Starting Run 13/30 ---
     Run 13 finished in 8.03s. Archive size: 29  IGD=0.0419
     --- Starting Run 14/30 ---
     Run 14 finished in 8.07s. Archive size: 11  IGD=0.0737
     --- Starting Run 15/30 ---
     Run 15 finished in 7.62s. Archive size: 33  IGD=0.0396
     --- Starting Run 16/30 ---
     Run 16 finished in 7.57s. Archive size: 16  IGD=0.0492
     --- Starting Run 17/30 ---
     Run 17 finished in 7.43s. Archive size: 29  IGD=0.0335
     --- Starting Run 18/30 ---
     Run 18 finished in 7.49s. Archive size: 16  IGD=0.0513
     --- Starting Run 19/30 ---
     Run 19 finished in 7.50s. Archive size: 27  IGD=0.0388
     --- Starting Run 20/30 ---
     Run 20 finished in 7.43s. Archive size: 14  IGD=0.0496
     --- Starting Run 21/30 ---
     Run 21 finished in 7.60s. Archive size: 40  IGD=0.0333
     --- Starting Run 22/30 ---
     Run 22 finished in 7.41s. Archive size: 13  IGD=0.0604
     --- Starting Run 23/30 ---
     Run 23 finished in 7.52s. Archive size: 37  IGD=0.0453
     --- Starting Run 24/30 ---
     Run 24 finished in 7.43s. Archive size: 16  IGD=0.0374
     --- Starting Run 25/30 ---
     Run 25 finished in 7.43s. Archive size: 29  IGD=0.0390
     --- Starting Run 26/30 ---
     Run 26 finished in 7.37s. Archive size: 7  IGD=0.1116
     --- Starting Run 27/30 ---
     Run 27 finished in 7.50s. Archive size: 28  IGD=0.0347
     --- Starting Run 28/30 ---
     Run 28 finished in 7.32s. Archive size: 10  IGD=0.1778
     --- Starting Run 29/30 ---
     Run 29 finished in 7.26s. Archive size: 32  IGD=0.0346
     --- Starting Run 30/30 ---
     Run 30 finished in 7.23s. Archive size: 9  IGD=0.1251
  -> Experiment for CCPSO_strict on DTNK2 finished in 229.57s.
     Summary saved to: out/DTNK2_CCPSO_strict.summary.out.csv

======== All Experiments Finished ========
Total execution time: 229.60s

>>> [1/10] finished: DTNK x MGPSO_feasarch

>>> [2/10] finished: FDA1 x MGPSO

>>> [3/10] finished: FDA3 x MGPSO

>>> [4/10] finished: DTNK x CCPSO_strict

>>> [5/10] finished: DTNK x CCPSO_filter

>>> [6/10] finished: DTNK x MGPSO

>>> [7/10] finished: DTNK2 x MGPSO_feasarch

>>> [8/10] finished: DTNK2 x CCPSO_filter

>>> [9/10] finished: DTNK2 x MGPSO

>>> [10/10] finished: DTNK2 x CCPSO_strict

All experiments done in 11.9 min

problem  algorithm                      MIGD     MIGD(before chg)      front feas%
FDA1     MGPSO               2.5851 ± 0.2665      2.5233 ± 0.2641 100.0000 ± 0.0000
FDA3     MGPSO               2.7512 ± 0.3954      2.6947 ± 0.3948 100.0000 ± 0.0000
DTNK     MGPSO               0.9928 ± 0.0002      0.9931 ± 0.0000  0.0000 ± 0.0000
DTNK     MGPSO_feasarch      0.0775 ± 0.0035      0.0729 ± 0.0031 100.0000 ± 0.0000
DTNK     CCPSO_filter        0.0723 ± 0.0015      0.0685 ± 0.0016 100.0000 ± 0.0000
DTNK     CCPSO_strict        0.0721 ± 0.0019      0.0684 ± 0.0018 100.0000 ± 0.0000
DTNK2    MGPSO               0.9732 ± 0.0003      0.9736 ± 0.0000  0.0000 ± 0.0000
DTNK2    MGPSO_feasarch      0.1264 ± 0.0059      0.1215 ± 0.0057 100.0000 ± 0.0000
DTNK2    CCPSO_filter        0.1190 ± 0.0042      0.1151 ± 0.0041 100.0000 ± 0.0000
DTNK2    CCPSO_strict        0.1189 ± 0.0042      0.1151 ± 0.0041 100.0000 ± 0.0000

Aggregated results written to results_dynamic_mo.csv
